Release run: https://github.com/ProkStudio/mine/actions/runs/34143304469
Source: 07c911a962b5cbd8d4f0d6211a5355ff2891b3ce
Outcome: success
Picked up JAVA_TOOL_OPTIONS: -Djava.io.tmpdir=/home/runner/work/_temp/transport-java
Picked up JAVA_TOOL_OPTIONS: -Djava.io.tmpdir=/home/runner/work/_temp/transport-java
PASS: 1366 transport rule assertions
Picked up JAVA_TOOL_OPTIONS: -Djava.io.tmpdir=/home/runner/work/_temp/transport-java
Fetching distribution (retrying 3 times, with an initial back off of 2000 ms).
Downloading https://services.gradle.org/distributions/gradle-9.2.0-bin.zip
............10%.............20%.............30%.............40%.............50%.............60%.............70%.............80%.............90%.............100%

Welcome to Gradle 9.2.0!

Here are the highlights of this release:
 - Windows ARM support
 - Improved publishing APIs
 - Better guidance for dependency verification failures

For more details see https://docs.gradle.org/9.2.0/release-notes.html

To honour the JVM settings for this build a single-use Daemon process will be forked. For more on this, please refer to https://docs.gradle.org/9.2.0/userguide/gradle_daemon.html#sec:disabling_the_daemon in the Gradle documentation.
Daemon will be stopped at the end of the build 

> Configure project :
Fabric Loom: 1.14.10

Cannot remap modifiers because it does not exists in any of the targets [] or their parents.

> Task :clean

> Task :compileJava
Note: Some input files use or override a deprecated API.
Note: Recompile with -Xlint:deprecation for details.

> Task :compileVehicleArt

> Task :generateVehicleArt
Picked up JAVA_TOOL_OPTIONS: -Djava.io.tmpdir=/home/runner/work/_temp/transport-java
combine_spawn_egg: 352 cuboids, 63 parts, 1024px atlas
combine_wide: 379 cuboids, 63 parts, 1024px atlas
bulldozer: 467 cuboids, 130 parts, 1024px atlas
bulldozer_heavy: 467 cuboids, 130 parts, 1024px atlas
pickup: 258 cuboids, 61 parts, 1024px atlas
pickup_cargo: 264 cuboids, 62 parts, 1024px atlas
motorcycle: 139 cuboids, 37 parts, 512px atlas
motorcycle_touring: 149 cuboids, 39 parts, 512px atlas
motorboat: 139 cuboids, 41 parts, 1024px atlas
motorboat_cargo: 139 cuboids, 41 parts, 1024px atlas
plane: 294 cuboids, 63 parts, 512px atlas
plane_cargo: 298 cuboids, 63 parts, 512px atlas
helicopter: 134 cuboids, 47 parts, 512px atlas
helicopter_cargo: 139 cuboids, 47 parts, 512px atlas
drone: 102 cuboids, 48 parts, 256px atlas
drone_cargo: 103 cuboids, 49 parts, 256px atlas

> Task :compileVehicleAudio

> Task :generateVehicleAudio
Picked up JAVA_TOOL_OPTIONS: -Djava.io.tmpdir=/home/runner/work/_temp/transport-java
SLF4J(W): No SLF4J providers were found.
SLF4J(W): Defaulting to no-operation (NOP) logger implementation
SLF4J(W): See https://www.slf4j.org/codes.html#noProviders for further details.
PASS engine: mono 32000 Hz, 128000 samples, RMS -18.47 dBFS, peak 0.398, seam 0.02310, sha256=073477a4f941d30a6dba50b2c3f69b70b2d8062dbf70e06be55f8bdf44bc6ce0
PASS motorcycle: mono 32000 Hz, 128000 samples, RMS -18.46 dBFS, peak 0.402, seam 0.00122, sha256=e4f4d88b881f742f613e13dbaff79f9b1fd608a1ff9f7c52e4956b2f522da936
PASS boat: mono 32000 Hz, 128000 samples, RMS -18.49 dBFS, peak 0.395, seam 0.04776, sha256=34819135cfc7ce727217df135208a6dc321ee57e8accc654607f1e43c9f8d39a
PASS plane: mono 32000 Hz, 128000 samples, RMS -18.47 dBFS, peak 0.384, seam 0.03583, sha256=473e1d543020c90356fbec7458427c94b6a75a3db9335cb0badcb7a7bd9897da
PASS helicopter: mono 32000 Hz, 128000 samples, RMS -18.50 dBFS, peak 0.471, seam 0.00543, sha256=d98eeeae28515fb47fe3886d0f057619102198d8e9def53869708eb88bfdf045
PASS drone: mono 32000 Hz, 128000 samples, RMS -18.39 dBFS, peak 0.316, seam 0.01810, sha256=989840fadee6ea0dbc4e272cda06e428474cdf42ff97adb383d0a2a7267b9647

> Task :processResources
> Task :classes

> Task :compileClientJava
Note: /home/runner/work/mine/mine/src/client/java/com/harvester/client/HarvesterModClient.java uses or overrides a deprecated API.
Note: Recompile with -Xlint:deprecation for details.

> Task :processClientResources NO-SOURCE
> Task :jar
> Task :processIncludeJars
> Task :sourcesJar
> Task :remapJar
> Task :clientClasses
> Task :remapSourcesJar
> Task :compileTestJava
> Task :assemble
> Task :processTestResources NO-SOURCE
> Task :testClasses

> Task :test
Picked up JAVA_TOOL_OPTIONS: -Djava.io.tmpdir=/home/runner/work/_temp/transport-java

> Task :transportPolishSmoke
Picked up JAVA_TOOL_OPTIONS: -Djava.io.tmpdir=/home/runner/work/_temp/transport-java
combine_spawn_egg: 352 cuboids; 63 parts; atlas=1024
combine_wide: 379 cuboids; 63 parts; atlas=1024
bulldozer: 467 cuboids; 130 parts; atlas=1024
bulldozer_heavy: 467 cuboids; 130 parts; atlas=1024
pickup: 258 cuboids; 61 parts; atlas=1024
pickup_cargo: 264 cuboids; 62 parts; atlas=1024
motorcycle: 139 cuboids; 37 parts; atlas=512
motorcycle_touring: 149 cuboids; 39 parts; atlas=512
motorboat: 139 cuboids; 41 parts; atlas=1024
motorboat_cargo: 139 cuboids; 41 parts; atlas=1024
plane: 294 cuboids; 63 parts; atlas=512
plane_cargo: 298 cuboids; 63 parts; atlas=512
helicopter: 134 cuboids; 47 parts; atlas=512
helicopter_cargo: 139 cuboids; 47 parts; atlas=512
drone: 102 cuboids; 48 parts; atlas=256
drone_cargo: 103 cuboids; 49 parts; atlas=256
Polish smoke PASS: 583108 assertions. Offline contracts only; no Minecraft launch or listening test.

> Task :transportRules
Picked up JAVA_TOOL_OPTIONS: -Djava.io.tmpdir=/home/runner/work/_temp/transport-java
PASS: 1366 transport rule assertions

> Task :validateAccessWidener NO-SOURCE
> Task :validateVehicleResources
> Task :check
> Task :build

[Incubating] Problems report is available at: file:///home/runner/work/mine/mine/build/reports/problems/problems-report.html

Deprecated Gradle features were used in this build, making it incompatible with Gradle 10.

You can use '--warning-mode all' to show the individual deprecation warnings and determine if they come from your own scripts or plugins.

For more on this, please refer to https://docs.gradle.org/9.2.0/userguide/command_line_interface.html#sec:command_line_warnings in the Gradle documentation.

BUILD SUCCESSFUL in 1m 32s
18 actionable tasks: 18 executed
PASS: all expected VehicleReleasePolishTest methods executed without failure or skip
PASS: all expected VehicleStateTest methods executed without failure or skip
PASS: all expected VehiclePhysicsTest methods executed without failure or skip
PASS: all expected PassengerPoseTest methods executed without failure or skip
PASS: all expected VehicleAnimationTest methods executed without failure or skip
PASS: all expected VehicleVisualResourcesTest methods executed without failure or skip
PASS: all expected VehicleGeometryTest methods executed without failure or skip
PASS: all expected VehicleAtlasTest methods executed without failure or skip
PASS: all expected VehiclePresentationTest methods executed without failure or skip
PASS: all expected PassengerAnimationTest methods executed without failure or skip
Picked up JAVA_TOOL_OPTIONS: -Djava.io.tmpdir=/home/runner/work/_temp/transport-java
Picked up JAVA_TOOL_OPTIONS: -Djava.io.tmpdir=/home/runner/work/_temp/transport-java
combine_spawn_egg: 352 cuboids, 63 parts, 1024px atlas
combine_wide: 379 cuboids, 63 parts, 1024px atlas
bulldozer: 467 cuboids, 130 parts, 1024px atlas
bulldozer_heavy: 467 cuboids, 130 parts, 1024px atlas
pickup: 258 cuboids, 61 parts, 1024px atlas
pickup_cargo: 264 cuboids, 62 parts, 1024px atlas
motorcycle: 139 cuboids, 37 parts, 512px atlas
motorcycle_touring: 149 cuboids, 39 parts, 512px atlas
motorboat: 139 cuboids, 41 parts, 1024px atlas
motorboat_cargo: 139 cuboids, 41 parts, 1024px atlas
plane: 294 cuboids, 63 parts, 512px atlas
plane_cargo: 298 cuboids, 63 parts, 512px atlas
helicopter: 134 cuboids, 47 parts, 512px atlas
helicopter_cargo: 139 cuboids, 47 parts, 512px atlas
drone: 102 cuboids, 48 parts, 256px atlas
drone_cargo: 103 cuboids, 49 parts, 256px atlas
combine_spawn_egg: 352 cuboids, 63 parts, 1024px atlas
combine_wide: 379 cuboids, 63 parts, 1024px atlas
bulldozer: 467 cuboids, 130 parts, 1024px atlas
bulldozer_heavy: 467 cuboids, 130 parts, 1024px atlas
pickup: 258 cuboids, 61 parts, 1024px atlas
pickup_cargo: 264 cuboids, 62 parts, 1024px atlas
motorcycle: 139 cuboids, 37 parts, 512px atlas
motorcycle_touring: 149 cuboids, 39 parts, 512px atlas
motorboat: 139 cuboids, 41 parts, 1024px atlas
motorboat_cargo: 139 cuboids, 41 parts, 1024px atlas
plane: 294 cuboids, 63 parts, 512px atlas
plane_cargo: 298 cuboids, 63 parts, 512px atlas
helicopter: 134 cuboids, 47 parts, 512px atlas
helicopter_cargo: 139 cuboids, 47 parts, 512px atlas
drone: 102 cuboids, 48 parts, 256px atlas
drone_cargo: 103 cuboids, 49 parts, 256px atlas
Visual smoke PASS: 16 variants, 605577 assertions. No client/shader validation implied.
bulldozer.json: OK
bulldozer_heavy.json: OK
combine_spawn_egg.json: OK
combine_wide.json: OK
drone.json: OK
drone_cargo.json: OK
helicopter.json: OK
helicopter_cargo.json: OK
motorboat.json: OK
motorboat_cargo.json: OK
motorcycle.json: OK
motorcycle_touring.json: OK
pickup.json: OK
pickup_cargo.json: OK
plane.json: OK
plane_cargo.json: OK
{
  "releaseFiles": [
    "BUILD-INFO.json",
    "INSTALL_RU.md",
    "LICENSE.txt",
    "QA.md",
    "RELEASE-NOTES.md",
    "SHA256SUMS",
    "harvester-mod-1.3.0-rc.1.jar",
    "harvester-transport-1.3.0-rc.1-mc1.21.11.zip"
  ],
  "sourceCommit": "07c911a962b5cbd8d4f0d6211a5355ff2891b3ce",
  "junitCases": 59,
  "jarSha256": "9274997cee5fce46e4af8a1e5ad401a729f22590f02097303a5c4f35bb522511"
}
